// Jest Snapshot v1, https://goo.gl/fbAQLP

exports[`formatter formatJS should work 1`] = `
"db.collection(\\"sy-collection-1a\\")
  .distinct(\\"commute\\", {
    _id: \\"\\",
    commute: \\"\\",
    \\"company.location\\": \\"\\",
    \\"company.name\\": \\"\\",
    location: \\"\\",
    name: \\"\\",
    zip: \\"\\"
  });"
`;

exports[`formatter formatSQL should work 1`] = `
"SELECT
  AlbumId,
  ArtistId,
  Title
FROM
  albums
WHERE
  Title = 'abc'
LIMIT
  100"
`;
